// Vitest Snapshot v1, https://vitest.dev/guide/snapshot.html

exports[`Home component renders correctly and matches snapshot 1`] = `
<div>
  <section
    id="homeBody"
  >
    <header>
      <h1>
        Welcome to Pawpedia, a dog breed database!
      </h1>
    </header>
    <div
      class="content MuiBox-root css-0"
    >
      <div
        class="MuiPaper-root MuiPaper-elevation MuiPaper-rounded MuiPaper-elevation1 MuiCard-root aboutBox css-1j74uew-MuiPaper-root-MuiCard-root"
        style="--Paper-shadow: 0px 2px 1px -1px rgba(0,0,0,0.2),0px 1px 1px 0px rgba(0,0,0,0.14),0px 1px 3px 0px rgba(0,0,0,0.12);"
      >
        <h2
          class="homeTitle"
        >
          About Us
        </h2>
        <div
          class="aboutText MuiBox-root css-0"
        >
          <p>
            Welcome to Pawpedia, your ultimate destination for exploring, learning about, and discovering the perfect dog breed that matches your lifestyle and preferences.
          </p>
          <p>
            At Pawpedia, we believe that finding the right dog breed goes beyond appearance. It’s about personality, compatibility, and building a lasting bond. Our app is designed to help dog enthusiasts, potential adopters, and curious learners connect with a variety of breeds in a way that’s engaging, informative, and fun.
          </p>
          <h3>
            Why We Created Pawpedia 
          </h3>
          <p>
            Our passion for dogs inspired us to create a platform that caters to every kind of dog lover. Whether you’re a first-time dog owner looking for a low-maintenance companion or an experienced dog parent eager to explore new breeds, our goal is to empower you with reliable, detailed insights that help you make an informed choice.
          </p>
        </div>
      </div>
      <div
        class="MuiPaper-root MuiPaper-elevation MuiPaper-rounded MuiPaper-elevation1 MuiCard-root offerBox css-1j74uew-MuiPaper-root-MuiCard-root"
        style="--Paper-shadow: 0px 2px 1px -1px rgba(0,0,0,0.2),0px 1px 1px 0px rgba(0,0,0,0.14),0px 1px 3px 0px rgba(0,0,0,0.12);"
      >
        <h2
          class="homeTitle"
        >
          What We Offer
        </h2>
        <div
          class="offerText MuiBox-root css-0"
        >
          <div
            class="MuiBox-root css-0"
          >
            <p
              class="profileTitle"
            >
              Breed Profiles:
            </p>
            <p
              id="hide-1"
            >
              Our extensive database includes detailed information on various dog breeds—from physical characteristics and personality traits to health needs and grooming requirements.
            </p>
          </div>
          <div
            class="MuiBox-root css-0"
          >
            <p
              class="profileTitle"
            >
              Easy Filtering:
            </p>
            <p
              id="hide-2"
            >
              Find a breed that fits your lifestyle with advanced filtering tools that allow sorting by size, temperament, energy level, and more.
            </p>
          </div>
          <div
            class="MuiBox-root css-0"
          >
            <p
              class="profileTitle"
            >
              Favorites and Discover:
            </p>
            <p
              id="hide-3"
            >
              Save and revisit breeds you love, and try our “Try Your Luck” button to discover random breeds you might not have considered.
            </p>
          </div>
        </div>
      </div>
      <p>
        <a
          class="viewAllBreedsLink"
          href="/"
        >
          See all our breeds →
        </a>
      </p>
    </div>
    <footer>
      <h3>
        Contact us
      </h3>
      <p>
        <strong>
          Phone:
        </strong>
         98765432
      </p>
      <p>
        <strong>
          Email:
        </strong>
         
        <a>
          info@pawpedia.com
        </a>
      </p>
      <p>
        We’d love to hear from you!
      </p>
    </footer>
  </section>
</div>
`;
