// Vitest Snapshot v1, https://vitest.dev/guide/snapshot.html

exports[`Search Component Snapshot > should match the snapshot 1`] = `
<DocumentFragment>
  <div
    class="MuiFormControl-root MuiFormControl-fullWidth css-ytlejw-MuiFormControl-root"
  >
    <div
      class="MuiFormControl-root MuiTextField-root css-1xp5r68-MuiFormControl-root-MuiTextField-root"
    >
      <label
        class="MuiFormLabel-root MuiInputLabel-root MuiInputLabel-formControl MuiInputLabel-animated MuiInputLabel-shrink MuiInputLabel-sizeMedium MuiInputLabel-filled MuiFormLabel-colorPrimary MuiFormLabel-filled MuiInputLabel-root MuiInputLabel-formControl MuiInputLabel-animated MuiInputLabel-shrink MuiInputLabel-sizeMedium MuiInputLabel-filled css-eok8s2-MuiFormLabel-root-MuiInputLabel-root"
        data-shrink="true"
        for="standard-search"
        id="standard-search-label"
      >
        Search by name...
      </label>
      <div
        class="MuiInputBase-root MuiFilledInput-root MuiFilledInput-underline MuiInputBase-colorPrimary MuiInputBase-formControl css-1pht7va-MuiInputBase-root-MuiFilledInput-root"
      >
        <input
          aria-invalid="false"
          class="MuiInputBase-input MuiFilledInput-input MuiInputBase-inputTypeSearch css-1bfsrh6-MuiInputBase-input-MuiFilledInput-input"
          id="standard-search"
          type="search"
          value="Golden Retriever"
        />
      </div>
    </div>
  </div>
</DocumentFragment>
`;
