// Vitest Snapshot v1, https://vitest.dev/guide/snapshot.html

exports[`Navbar Component > matches initial snapshot and displays Dog Breed Gallery 1`] = `
<DocumentFragment>
  <header
    id="sortOrFilter"
  >
    <label
      for="sort"
    >
      Sort by
    </label>
    <select
      id="sort"
      name="sort"
    >
      <option
        disabled=""
        selected=""
        value="chooseSorting"
      >
        Choose...
      </option>
      <option
        value="alpha"
      >
        Alphabetically
      </option>
      <option
        value="favorites"
      >
        Favorites
      </option>
    </select>
    <label
      for="filter"
    >
      Filter by
    </label>
    <select
      id="filter"
      name="filter"
    >
      <option
        disabled=""
        selected=""
        value="chooseFilter"
      >
        Choose...
      </option>
      <option
        value="bigDogs"
      >
        Big dogs
      </option>
      <option
        value="smallDogs"
      >
        Small dogs
      </option>
    </select>
    <input
      placeholder="Search..."
      type="text"
      value=""
    />
    <button
      id="reset-btn"
    >
      Reset
    </button>
  </header>
  <div
    class="dog-breed-gallery"
  >
    <div
      class="breed-card"
    >
      <a
        href="/1"
      >
        <h2>
          Golden Retriever
        </h2>
        <img
          alt="Picture of our dog breed: Golden Retriever"
          src="/images/golden-retriever.jpeg"
        />
      </a>
    </div>
    <div
      class="breed-card"
    >
      <a
        href="/2"
      >
        <h2>
          Mittelspitz
        </h2>
        <img
          alt="Picture of our dog breed: Mittelspitz"
          src="/images/mittelspitz.jpeg"
        />
      </a>
    </div>
  </div>
  <section
    id="navbar"
  >
    <section
      class="nav-links"
    >
      <a
        class=""
        href="/home"
      >
        Home
      </a>
      <a
        aria-current="page"
        class="active"
        href="/"
      >
        All dogs
      </a>
    </section>
    <img
      alt="Logo"
      class="navbar-logo"
      src="/src/assets/paw.png"
    />
  </section>
</DocumentFragment>
`;
